---
source: tests/unit/macho/x32/test_patching.rs
expression: changed_macho
---
MachO {
    header: Header {
        magic: 0xfeedface,
        cputype: 7,
        cpusubtype: 0x3,
        filetype: "EXECUTE",
        ncmds: 18,
        sizeofcmds: 1612,
        flags: 0x1200085,
        reserved: 0x0,
    },
    load_commands: [
        LoadCommand {
            offset: 28,
            command: Segment32(
                SegmentCommand32 {
                    cmd: 1,
                    cmdsize: 56,
                    segname: [
                        95,
                        95,
                        80,
                        65,
                        71,
                        69,
                        90,
                        69,
                        82,
                        79,
                        0,
                        0,
                        0,
                        0,
                        0,
                        0,
                    ],
                    vmaddr: 0,
                    vmsize: 4096,
                    fileoff: 0,
                    filesize: 0,
                    maxprot: 0,
                    initprot: 0,
                    nsects: 0,
                    flags: 0,
                },
            ),
        },
        LoadCommand {
            offset: 84,
            command: Segment32(
                SegmentCommand32 {
                    cmd: 1,
                    cmdsize: 396,
                    segname: [
                        95,
                        95,
                        84,
                        69,
                        88,
                        84,
                        0,
                        0,
                        0,
                        0,
                        0,
                        0,
                        0,
                        0,
                        0,
                        0,
                    ],
                    vmaddr: 4096,
                    vmsize: 20480,
                    fileoff: 0,
                    filesize: 20480,
                    maxprot: 7,
                    initprot: 5,
                    nsects: 5,
                    flags: 0,
                },
            ),
        },
        LoadCommand {
            offset: 480,
            command: Segment32(
                SegmentCommand32 {
                    cmd: 1,
                    cmdsize: 532,
                    segname: [
                        95,
                        95,
                        68,
                        65,
                        84,
                        65,
                        0,
                        0,
                        0,
                        0,
                        0,
                        0,
                        0,
                        0,
                        0,
                        0,
                    ],
                    vmaddr: 24576,
                    vmsize: 4096,
                    fileoff: 20480,
                    filesize: 4096,
                    maxprot: 7,
                    initprot: 3,
                    nsects: 7,
                    flags: 0,
                },
            ),
        },
        LoadCommand {
            offset: 1012,
            command: Segment32(
                SegmentCommand32 {
                    cmd: 1,
                    cmdsize: 56,
                    segname: [
                        95,
                        95,
                        76,
                        73,
                        78,
                        75,
                        69,
                        68,
                        73,
                        84,
                        0,
                        0,
                        0,
                        0,
                        0,
                        0,
                    ],
                    vmaddr: 28672,
                    vmsize: 32768,
                    fileoff: 24576,
                    filesize: 24544,
                    maxprot: 7,
                    initprot: 1,
                    nsects: 0,
                    flags: 0,
                },
            ),
        },
        LoadCommand {
            offset: 1068,
            command: DyldInfoOnly(
                DyldInfoCommand {
                    cmd: 2147483682,
                    cmdsize: 48,
                    rebase_off: 24576,
                    rebase_size: 40,
                    bind_off: 24616,
                    bind_size: 136,
                    weak_bind_off: 0,
                    weak_bind_size: 0,
                    lazy_bind_off: 24752,
                    lazy_bind_size: 1476,
                    export_off: 26228,
                    export_size: 1036,
                },
            ),
        },
        LoadCommand {
            offset: 1116,
            command: Symtab(
                SymtabCommand {
                    cmd: 2,
                    cmdsize: 24,
                    symoff: 27324,
                    nsyms: 86,
                    stroff: 29196,
                    strsize: 1052,
                },
            ),
        },
        LoadCommand {
            offset: 1140,
            command: Dysymtab(
                DysymtabCommand {
                    cmd: 11,
                    cmdsize: 80,
                    ilocalsym: 0,
                    nlocalsym: 1,
                    iextdefsym: 1,
                    nextdefsym: 1,
                    iundefsym: 2,
                    nundefsym: 84,
                    tocoff: 0,
                    ntoc: 0,
                    modtaboff: 0,
                    nmodtab: 0,
                    extrefsymoff: 0,
                    nextrefsyms: 0,
                    indirectsymoff: 28356,
                    nindirectsyms: 210,
                    extreloff: 0,
                    nextrel: 0,
                    locreloff: 0,
                    nlocrel: 0,
                },
            ),
        },
        LoadCommand {
            offset: 1220,
            command: LoadDylinker(
                DylinkerCommand {
                    cmd: 14,
                    cmdsize: 28,
                    name: 12,
                },
            ),
        },
        LoadCommand {
            offset: 1248,
            command: Uuid(
                UuidCommand {
                    cmd: 27,
                    cmdsize: 24,
                    uuid: [
                        215,
                        77,
                        220,
                        110,
                        153,
                        23,
                        61,
                        158,
                        180,
                        215,
                        182,
                        54,
                        148,
                        66,
                        166,
                        131,
                    ],
                },
            ),
        },
        LoadCommand {
            offset: 1272,
            command: VersionMinMacosx(
                VersionMinCommand {
                    cmd: 36,
                    cmdsize: 16,
                    version: 657152,
                    sdk: 0,
                },
            ),
        },
        LoadCommand {
            offset: 1288,
            command: Unixthread(
                ThreadCommand {
                    cmd: 5,
                    cmdsize: 80,
                    flavor: 1,
                    count: 16,
                    thread_state: [
                        0,
                        0,
                        0,
                        0,
                        0,
                        0,
                        0,
                        0,
                        0,
                        0,
                        5896,
                        0,
                        0,
                        0,
                        0,
                        0,
                        0,
                        0,
                        0,
                        0,
                        0,
                        0,
                        0,
                        0,
                        0,
                        0,
                        0,
                        0,
                        0,
                        0,
                        0,
                        0,
                        0,
                        0,
                        0,
                        0,
                        0,
                        0,
                        0,
                        0,
                        0,
                        0,
                        0,
                        0,
                        0,
                        0,
                        0,
                        0,
                        0,
                        0,
                        0,
                        0,
                        0,
                        0,
                        0,
                        0,
                        0,
                        0,
                        0,
                        0,
                        0,
                        0,
                        0,
                        0,
                        0,
                        0,
                        0,
                        0,
                        0,
                        0,
                    ],
                },
            ),
        },
        LoadCommand {
            offset: 1368,
            command: LoadDylib(
                DylibCommand {
                    cmd: 12,
                    cmdsize: 56,
                    dylib: Dylib {
                        name: 24,
                        timestamp: 2,
                        current_version: 328704,
                        compatibility_version: 328704,
                    },
                },
            ),
        },
        LoadCommand {
            offset: 1424,
            command: LoadDylib(
                DylibCommand {
                    cmd: 12,
                    cmdsize: 48,
                    dylib: Dylib {
                        name: 24,
                        timestamp: 2,
                        current_version: 65536,
                        compatibility_version: 65536,
                    },
                },
            ),
        },
        LoadCommand {
            offset: 1472,
            command: LoadDylib(
                DylibCommand {
                    cmd: 12,
                    cmdsize: 52,
                    dylib: Dylib {
                        name: 24,
                        timestamp: 2,
                        current_version: 10420480,
                        compatibility_version: 65536,
                    },
                },
            ),
        },
        LoadCommand {
            offset: 1524,
            command: FunctionStarts(
                LinkeditDataCommand {
                    cmd: 38,
                    cmdsize: 16,
                    dataoff: 27264,
                    datasize: 60,
                },
            ),
        },
        LoadCommand {
            offset: 1540,
            command: CodeSignature(
                LinkeditDataCommand {
                    cmd: 29,
                    cmdsize: 16,
                    dataoff: 30256,
                    datasize: 18864,
                },
            ),
        },
        LoadCommand {
            offset: 1556,
            command: Rpath(
                RpathCommand {
                    cmd: 2147483676,
                    cmdsize: 24,
                    path: 12,
                },
            ),
        },
        LoadCommand {
            offset: 1580,
            command: Rpath(
                RpathCommand {
                    cmd: 2147483676,
                    cmdsize: 60,
                    path: 12,
                },
            ),
        },
    ],
    segments: Segments {
        segments: [
            Segment {
                cmd: 1,
                cmdsize: 56,
                segname: "__PAGEZERO",
                vmaddr: 0,
                vmsize: 4096,
                fileoff: 0,
                filesize: 0,
                maxprot: 0,
                initprot: 0,
                nsects: 0,
                flags: 0,
                data: 0,
                sections(): Ok(
                    [],
                ),
            },
            Segment {
                cmd: 1,
                cmdsize: 396,
                segname: "__TEXT",
                vmaddr: 4096,
                vmsize: 20480,
                fileoff: 0,
                filesize: 20480,
                maxprot: 7,
                initprot: 5,
                nsects: 5,
                flags: 0,
                data: 20480,
                sections(): Ok(
                    [
                        Section {
                            sectname: "__text",
                            segname: "__TEXT",
                            addr: 5896,
                            size: 15988,
                            offset: 1800,
                            align: 2,
                            reloff: 0,
                            nreloc: 0,
                            flags: 2147484672,
                        },
                        Section {
                            sectname: "__symbol_stub",
                            segname: "__TEXT",
                            addr: 21884,
                            size: 468,
                            offset: 17788,
                            align: 1,
                            reloff: 0,
                            nreloc: 0,
                            flags: 2147484936,
                        },
                        Section {
                            sectname: "__stub_helper",
                            segname: "__TEXT",
                            addr: 22352,
                            size: 792,
                            offset: 18256,
                            align: 2,
                            reloff: 0,
                            nreloc: 0,
                            flags: 2147484928,
                        },
                        Section {
                            sectname: "__cstring",
                            segname: "__TEXT",
                            addr: 23144,
                            size: 1360,
                            offset: 19048,
                            align: 2,
                            reloff: 0,
                            nreloc: 0,
                            flags: 2,
                        },
                        Section {
                            sectname: "__unwind_info",
                            segname: "__TEXT",
                            addr: 24504,
                            size: 72,
                            offset: 20408,
                            align: 0,
                            reloff: 0,
                            nreloc: 0,
                            flags: 0,
                        },
                    ],
                ),
            },
            Segment {
                cmd: 1,
                cmdsize: 532,
                segname: "__DATA",
                vmaddr: 24576,
                vmsize: 4096,
                fileoff: 20480,
                filesize: 4096,
                maxprot: 7,
                initprot: 3,
                nsects: 7,
                flags: 0,
                data: 4096,
                sections(): Ok(
                    [
                        Section {
                            sectname: "__program_vars",
                            segname: "__DATA",
                            addr: 24576,
                            size: 20,
                            offset: 20480,
                            align: 4,
                            reloff: 0,
                            nreloc: 0,
                            flags: 0,
                        },
                        Section {
                            sectname: "__nl_symbol_ptr",
                            segname: "__DATA",
                            addr: 24596,
                            size: 216,
                            offset: 20500,
                            align: 2,
                            reloff: 0,
                            nreloc: 0,
                            flags: 6,
                        },
                        Section {
                            sectname: "__la_symbol_ptr",
                            segname: "__DATA",
                            addr: 24812,
                            size: 312,
                            offset: 20716,
                            align: 2,
                            reloff: 0,
                            nreloc: 0,
                            flags: 7,
                        },
                        Section {
                            sectname: "__data",
                            segname: "__DATA",
                            addr: 25124,
                            size: 24,
                            offset: 21028,
                            align: 2,
                            reloff: 0,
                            nreloc: 0,
                            flags: 0,
                        },
                        Section {
                            sectname: "__const",
                            segname: "__DATA",
                            addr: 25152,
                            size: 284,
                            offset: 21056,
                            align: 4,
                            reloff: 0,
                            nreloc: 0,
                            flags: 0,
                        },
                        Section {
                            sectname: "__common",
                            segname: "__DATA",
                            addr: 25436,
                            size: 132,
                            offset: 0,
                            align: 2,
                            reloff: 0,
                            nreloc: 0,
                            flags: 1,
                        },
                        Section {
                            sectname: "__bss",
                            segname: "__DATA",
                            addr: 25568,
                            size: 172,
                            offset: 0,
                            align: 4,
                            reloff: 0,
                            nreloc: 0,
                            flags: 1,
                        },
                    ],
                ),
            },
            Segment {
                cmd: 1,
                cmdsize: 56,
                segname: "__LINKEDIT",
                vmaddr: 28672,
                vmsize: 32768,
                fileoff: 24576,
                filesize: 24544,
                maxprot: 7,
                initprot: 1,
                nsects: 0,
                flags: 0,
                data: 24544,
                sections(): Ok(
                    [],
                ),
            },
        ],
    },
    entry: 5896,
    old_style_entry: true,
    libs: [
        "self",
        "/usr/lib/libncurses.5.4.dylib",
        "/usr/lib/libutil.dylib",
        "/usr/lib/libSystem.B.dylib",
    ],
    name: None,
    little_endian: true,
    is_64: false,
    symbols(): [
        Ok(
            (
                "radr://5614542",
                Nlist {
                    n_strx: 1037,
                    n_type: 60,
                    n_sect: 0,
                    n_desc: 0,
                    n_value: 90260802,
                },
            ),
        ),
        Ok(
            (
                "__mh_execute_header",
                Nlist {
                    n_strx: 4,
                    n_type: 3,
                    n_sect: 1,
                    n_desc: 16,
                    n_value: 4096,
                },
            ),
        ),
        Ok(
            (
                "__DefaultRuneLocale",
                Nlist {
                    n_strx: 24,
                    n_type: 1,
                    n_sect: 0,
                    n_desc: 768,
                    n_value: 0,
                },
            ),
        ),
        Ok(
            (
                "___divdi3",
                Nlist {
                    n_strx: 44,
                    n_type: 1,
                    n_sect: 0,
                    n_desc: 768,
                    n_value: 0,
                },
            ),
        ),
        Ok(
            (
                "___error",
                Nlist {
                    n_strx: 54,
                    n_type: 1,
                    n_sect: 0,
                    n_desc: 768,
                    n_value: 0,
                },
            ),
        ),
        Ok(
            (
                "___maskrune",
                Nlist {
                    n_strx: 63,
                    n_type: 1,
                    n_sect: 0,
                    n_desc: 768,
                    n_value: 0,
                },
            ),
        ),
        Ok(
            (
                "___moddi3",
                Nlist {
                    n_strx: 75,
                    n_type: 1,
                    n_sect: 0,
                    n_desc: 768,
                    n_value: 0,
                },
            ),
        ),
        Ok(
            (
                "___snprintf_chk",
                Nlist {
                    n_strx: 85,
                    n_type: 1,
                    n_sect: 0,
                    n_desc: 768,
                    n_value: 0,
                },
            ),
        ),
        Ok(
            (
                "___stack_chk_fail",
                Nlist {
                    n_strx: 101,
                    n_type: 1,
                    n_sect: 0,
                    n_desc: 768,
                    n_value: 0,
                },
            ),
        ),
        Ok(
            (
                "___stack_chk_guard",
                Nlist {
                    n_strx: 119,
                    n_type: 1,
                    n_sect: 0,
                    n_desc: 768,
                    n_value: 0,
                },
            ),
        ),
        Ok(
            (
                "___stderrp",
                Nlist {
                    n_strx: 138,
                    n_type: 1,
                    n_sect: 0,
                    n_desc: 768,
                    n_value: 0,
                },
            ),
        ),
        Ok(
            (
                "___stdoutp",
                Nlist {
                    n_strx: 149,
                    n_type: 1,
                    n_sect: 0,
                    n_desc: 768,
                    n_value: 0,
                },
            ),
        ),
        Ok(
            (
                "___tolower",
                Nlist {
                    n_strx: 160,
                    n_type: 1,
                    n_sect: 0,
                    n_desc: 768,
                    n_value: 0,
                },
            ),
        ),
        Ok(
            (
                "___udivdi3",
                Nlist {
                    n_strx: 171,
                    n_type: 1,
                    n_sect: 0,
                    n_desc: 768,
                    n_value: 0,
                },
            ),
        ),
        Ok(
            (
                "___umoddi3",
                Nlist {
                    n_strx: 182,
                    n_type: 1,
                    n_sect: 0,
                    n_desc: 768,
                    n_value: 0,
                },
            ),
        ),
        Ok(
            (
                "_acl_free",
                Nlist {
                    n_strx: 193,
                    n_type: 1,
                    n_sect: 0,
                    n_desc: 768,
                    n_value: 0,
                },
            ),
        ),
        Ok(
            (
                "_acl_get_entry",
                Nlist {
                    n_strx: 203,
                    n_type: 1,
                    n_sect: 0,
                    n_desc: 768,
                    n_value: 0,
                },
            ),
        ),
        Ok(
            (
                "_acl_get_flag_np",
                Nlist {
                    n_strx: 218,
                    n_type: 1,
                    n_sect: 0,
                    n_desc: 768,
                    n_value: 0,
                },
            ),
        ),
        Ok(
            (
                "_acl_get_flagset_np",
                Nlist {
                    n_strx: 235,
                    n_type: 1,
                    n_sect: 0,
                    n_desc: 768,
                    n_value: 0,
                },
            ),
        ),
        Ok(
            (
                "_acl_get_link_np",
                Nlist {
                    n_strx: 255,
                    n_type: 1,
                    n_sect: 0,
                    n_desc: 768,
                    n_value: 0,
                },
            ),
        ),
        Ok(
            (
                "_acl_get_perm_np",
                Nlist {
                    n_strx: 272,
                    n_type: 1,
                    n_sect: 0,
                    n_desc: 768,
                    n_value: 0,
                },
            ),
        ),
        Ok(
            (
                "_acl_get_permset",
                Nlist {
                    n_strx: 289,
                    n_type: 1,
                    n_sect: 0,
                    n_desc: 768,
                    n_value: 0,
                },
            ),
        ),
        Ok(
            (
                "_acl_get_qualifier",
                Nlist {
                    n_strx: 306,
                    n_type: 1,
                    n_sect: 0,
                    n_desc: 768,
                    n_value: 0,
                },
            ),
        ),
        Ok(
            (
                "_acl_get_tag_type",
                Nlist {
                    n_strx: 325,
                    n_type: 1,
                    n_sect: 0,
                    n_desc: 768,
                    n_value: 0,
                },
            ),
        ),
        Ok(
            (
                "_atoi",
                Nlist {
                    n_strx: 343,
                    n_type: 1,
                    n_sect: 0,
                    n_desc: 768,
                    n_value: 0,
                },
            ),
        ),
        Ok(
            (
                "_compat_mode",
                Nlist {
                    n_strx: 349,
                    n_type: 1,
                    n_sect: 0,
                    n_desc: 768,
                    n_value: 0,
                },
            ),
        ),
        Ok(
            (
                "_err",
                Nlist {
                    n_strx: 362,
                    n_type: 1,
                    n_sect: 0,
                    n_desc: 768,
                    n_value: 0,
                },
            ),
        ),
        Ok(
            (
                "_exit",
                Nlist {
                    n_strx: 367,
                    n_type: 1,
                    n_sect: 0,
                    n_desc: 768,
                    n_value: 0,
                },
            ),
        ),
        Ok(
            (
                "_fflagstostr",
                Nlist {
                    n_strx: 373,
                    n_type: 1,
                    n_sect: 0,
                    n_desc: 768,
                    n_value: 0,
                },
            ),
        ),
        Ok(
            (
                "_fprintf",
                Nlist {
                    n_strx: 386,
                    n_type: 1,
                    n_sect: 0,
                    n_desc: 768,
                    n_value: 0,
                },
            ),
        ),
        Ok(
            (
                "_fputs$UNIX2003",
                Nlist {
                    n_strx: 395,
                    n_type: 1,
                    n_sect: 0,
                    n_desc: 768,
                    n_value: 0,
                },
            ),
        ),
        Ok(
            (
                "_free",
                Nlist {
                    n_strx: 411,
                    n_type: 1,
                    n_sect: 0,
                    n_desc: 768,
                    n_value: 0,
                },
            ),
        ),
        Ok(
            (
                "_fts_children$INODE64",
                Nlist {
                    n_strx: 417,
                    n_type: 1,
                    n_sect: 0,
                    n_desc: 768,
                    n_value: 0,
                },
            ),
        ),
        Ok(
            (
                "_fts_close$INODE64",
                Nlist {
                    n_strx: 439,
                    n_type: 1,
                    n_sect: 0,
                    n_desc: 768,
                    n_value: 0,
                },
            ),
        ),
        Ok(
            (
                "_fts_open$INODE64",
                Nlist {
                    n_strx: 458,
                    n_type: 1,
                    n_sect: 0,
                    n_desc: 768,
                    n_value: 0,
                },
            ),
        ),
        Ok(
            (
                "_fts_read$INODE64",
                Nlist {
                    n_strx: 476,
                    n_type: 1,
                    n_sect: 0,
                    n_desc: 768,
                    n_value: 0,
                },
            ),
        ),
        Ok(
            (
                "_fts_set$INODE64",
                Nlist {
                    n_strx: 494,
                    n_type: 1,
                    n_sect: 0,
                    n_desc: 768,
                    n_value: 0,
                },
            ),
        ),
        Ok(
            (
                "_getbsize",
                Nlist {
                    n_strx: 511,
                    n_type: 1,
                    n_sect: 0,
                    n_desc: 768,
                    n_value: 0,
                },
            ),
        ),
        Ok(
            (
                "_getenv",
                Nlist {
                    n_strx: 521,
                    n_type: 1,
                    n_sect: 0,
                    n_desc: 768,
                    n_value: 0,
                },
            ),
        ),
        Ok(
            (
                "_getgrgid",
                Nlist {
                    n_strx: 529,
                    n_type: 1,
                    n_sect: 0,
                    n_desc: 768,
                    n_value: 0,
                },
            ),
        ),
        Ok(
            (
                "_getopt$UNIX2003",
                Nlist {
                    n_strx: 539,
                    n_type: 1,
                    n_sect: 0,
                    n_desc: 768,
                    n_value: 0,
                },
            ),
        ),
        Ok(
            (
                "_getpid",
                Nlist {
                    n_strx: 556,
                    n_type: 1,
                    n_sect: 0,
                    n_desc: 768,
                    n_value: 0,
                },
            ),
        ),
        Ok(
            (
                "_getpwuid",
                Nlist {
                    n_strx: 564,
                    n_type: 1,
                    n_sect: 0,
                    n_desc: 768,
                    n_value: 0,
                },
            ),
        ),
        Ok(
            (
                "_getuid",
                Nlist {
                    n_strx: 574,
                    n_type: 1,
                    n_sect: 0,
                    n_desc: 768,
                    n_value: 0,
                },
            ),
        ),
        Ok(
            (
                "_getxattr",
                Nlist {
                    n_strx: 582,
                    n_type: 1,
                    n_sect: 0,
                    n_desc: 768,
                    n_value: 0,
                },
            ),
        ),
        Ok(
            (
                "_group_from_gid",
                Nlist {
                    n_strx: 592,
                    n_type: 1,
                    n_sect: 0,
                    n_desc: 768,
                    n_value: 0,
                },
            ),
        ),
        Ok(
            (
                "_humanize_number",
                Nlist {
                    n_strx: 608,
                    n_type: 1,
                    n_sect: 0,
                    n_desc: 512,
                    n_value: 0,
                },
            ),
        ),
        Ok(
            (
                "_ioctl",
                Nlist {
                    n_strx: 625,
                    n_type: 1,
                    n_sect: 0,
                    n_desc: 768,
                    n_value: 0,
                },
            ),
        ),
        Ok(
            (
                "_isatty",
                Nlist {
                    n_strx: 632,
                    n_type: 1,
                    n_sect: 0,
                    n_desc: 768,
                    n_value: 0,
                },
            ),
        ),
        Ok(
            (
                "_kill$UNIX2003",
                Nlist {
                    n_strx: 640,
                    n_type: 1,
                    n_sect: 0,
                    n_desc: 768,
                    n_value: 0,
                },
            ),
        ),
        Ok(
            (
                "_listxattr",
                Nlist {
                    n_strx: 655,
                    n_type: 1,
                    n_sect: 0,
                    n_desc: 768,
                    n_value: 0,
                },
            ),
        ),
        Ok(
            (
                "_localtime",
                Nlist {
                    n_strx: 666,
                    n_type: 1,
                    n_sect: 0,
                    n_desc: 768,
                    n_value: 0,
                },
            ),
        ),
        Ok(
            (
                "_malloc",
                Nlist {
                    n_strx: 677,
                    n_type: 1,
                    n_sect: 0,
                    n_desc: 768,
                    n_value: 0,
                },
            ),
        ),
        Ok(
            (
                "_mbr_uuid_to_id",
                Nlist {
                    n_strx: 685,
                    n_type: 1,
                    n_sect: 0,
                    n_desc: 768,
                    n_value: 0,
                },
            ),
        ),
        Ok(
            (
                "_mbr_uuid_to_string",
                Nlist {
                    n_strx: 701,
                    n_type: 1,
                    n_sect: 0,
                    n_desc: 768,
                    n_value: 0,
                },
            ),
        ),
        Ok(
            (
                "_mbrtowc",
                Nlist {
                    n_strx: 721,
                    n_type: 1,
                    n_sect: 0,
                    n_desc: 768,
                    n_value: 0,
                },
            ),
        ),
        Ok(
            (
                "_memchr",
                Nlist {
                    n_strx: 730,
                    n_type: 1,
                    n_sect: 0,
                    n_desc: 768,
                    n_value: 0,
                },
            ),
        ),
        Ok(
            (
                "_nl_langinfo",
                Nlist {
                    n_strx: 738,
                    n_type: 1,
                    n_sect: 0,
                    n_desc: 768,
                    n_value: 0,
                },
            ),
        ),
        Ok(
            (
                "_optind",
                Nlist {
                    n_strx: 751,
                    n_type: 1,
                    n_sect: 0,
                    n_desc: 768,
                    n_value: 0,
                },
            ),
        ),
        Ok(
            (
                "_printf",
                Nlist {
                    n_strx: 759,
                    n_type: 1,
                    n_sect: 0,
                    n_desc: 768,
                    n_value: 0,
                },
            ),
        ),
        Ok(
            (
                "_putchar",
                Nlist {
                    n_strx: 767,
                    n_type: 1,
                    n_sect: 0,
                    n_desc: 768,
                    n_value: 0,
                },
            ),
        ),
        Ok(
            (
                "_readlink",
                Nlist {
                    n_strx: 776,
                    n_type: 1,
                    n_sect: 0,
                    n_desc: 768,
                    n_value: 0,
                },
            ),
        ),
        Ok(
            (
                "_realloc",
                Nlist {
                    n_strx: 786,
                    n_type: 1,
                    n_sect: 0,
                    n_desc: 768,
                    n_value: 0,
                },
            ),
        ),
        Ok(
            (
                "_setenv$UNIX2003",
                Nlist {
                    n_strx: 795,
                    n_type: 1,
                    n_sect: 0,
                    n_desc: 768,
                    n_value: 0,
                },
            ),
        ),
        Ok(
            (
                "_setlocale",
                Nlist {
                    n_strx: 812,
                    n_type: 1,
                    n_sect: 0,
                    n_desc: 768,
                    n_value: 0,
                },
            ),
        ),
        Ok(
            (
                "_signal",
                Nlist {
                    n_strx: 823,
                    n_type: 1,
                    n_sect: 0,
                    n_desc: 768,
                    n_value: 0,
                },
            ),
        ),
        Ok(
            (
                "_snprintf",
                Nlist {
                    n_strx: 831,
                    n_type: 1,
                    n_sect: 0,
                    n_desc: 768,
                    n_value: 0,
                },
            ),
        ),
        Ok(
            (
                "_sscanf",
                Nlist {
                    n_strx: 841,
                    n_type: 1,
                    n_sect: 0,
                    n_desc: 768,
                    n_value: 0,
                },
            ),
        ),
        Ok(
            (
                "_strcoll",
                Nlist {
                    n_strx: 849,
                    n_type: 1,
                    n_sect: 0,
                    n_desc: 768,
                    n_value: 0,
                },
            ),
        ),
        Ok(
            (
                "_strcpy",
                Nlist {
                    n_strx: 858,
                    n_type: 1,
                    n_sect: 0,
                    n_desc: 768,
                    n_value: 0,
                },
            ),
        ),
        Ok(
            (
                "_strdup",
                Nlist {
                    n_strx: 866,
                    n_type: 1,
                    n_sect: 0,
                    n_desc: 768,
                    n_value: 0,
                },
            ),
        ),
        Ok(
            (
                "_strerror$UNIX2003",
                Nlist {
                    n_strx: 874,
                    n_type: 1,
                    n_sect: 0,
                    n_desc: 768,
                    n_value: 0,
                },
            ),
        ),
        Ok(
            (
                "_strftime$UNIX2003",
                Nlist {
                    n_strx: 893,
                    n_type: 1,
                    n_sect: 0,
                    n_desc: 768,
                    n_value: 0,
                },
            ),
        ),
        Ok(
            (
                "_strlen",
                Nlist {
                    n_strx: 912,
                    n_type: 1,
                    n_sect: 0,
                    n_desc: 768,
                    n_value: 0,
                },
            ),
        ),
        Ok(
            (
                "_strmode",
                Nlist {
                    n_strx: 920,
                    n_type: 1,
                    n_sect: 0,
                    n_desc: 768,
                    n_value: 0,
                },
            ),
        ),
        Ok(
            (
                "_tgetent",
                Nlist {
                    n_strx: 929,
                    n_type: 1,
                    n_sect: 0,
                    n_desc: 256,
                    n_value: 0,
                },
            ),
        ),
        Ok(
            (
                "_tgetstr",
                Nlist {
                    n_strx: 938,
                    n_type: 1,
                    n_sect: 0,
                    n_desc: 256,
                    n_value: 0,
                },
            ),
        ),
        Ok(
            (
                "_tgoto",
                Nlist {
                    n_strx: 947,
                    n_type: 1,
                    n_sect: 0,
                    n_desc: 256,
                    n_value: 0,
                },
            ),
        ),
        Ok(
            (
                "_time",
                Nlist {
                    n_strx: 954,
                    n_type: 1,
                    n_sect: 0,
                    n_desc: 768,
                    n_value: 0,
                },
            ),
        ),
        Ok(
            (
                "_tputs",
                Nlist {
                    n_strx: 960,
                    n_type: 1,
                    n_sect: 0,
                    n_desc: 256,
                    n_value: 0,
                },
            ),
        ),
        Ok(
            (
                "_user_from_uid",
                Nlist {
                    n_strx: 967,
                    n_type: 1,
                    n_sect: 0,
                    n_desc: 768,
                    n_value: 0,
                },
            ),
        ),
        Ok(
            (
                "_warn",
                Nlist {
                    n_strx: 982,
                    n_type: 1,
                    n_sect: 0,
                    n_desc: 768,
                    n_value: 0,
                },
            ),
        ),
        Ok(
            (
                "_warnx",
                Nlist {
                    n_strx: 988,
                    n_type: 1,
                    n_sect: 0,
                    n_desc: 768,
                    n_value: 0,
                },
            ),
        ),
        Ok(
            (
                "_wcwidth",
                Nlist {
                    n_strx: 995,
                    n_type: 1,
                    n_sect: 0,
                    n_desc: 768,
                    n_value: 0,
                },
            ),
        ),
        Ok(
            (
                "_write$UNIX2003",
                Nlist {
                    n_strx: 1004,
                    n_type: 1,
                    n_sect: 0,
                    n_desc: 768,
                    n_value: 0,
                },
            ),
        ),
        Ok(
            (
                "dyld_stub_binder",
                Nlist {
                    n_strx: 1020,
                    n_type: 1,
                    n_sect: 0,
                    n_desc: 768,
                    n_value: 0,
                },
            ),
        ),
    ],
    exports(): Ok(
        [
            Export {
                name: "__mh_execute_header",
                info: Regular {
                    address: 0,
                    flags: 0,
                },
                size: 0,
                offset: 0,
            },
        ],
    ),
    imports(): Ok(
        [
            Import {
                name: "__DefaultRuneLocale",
                dylib: "/usr/lib/libSystem.B.dylib",
                is_lazy: false,
                offset: 20604,
                size: 0,
                address: 24700,
                addend: 0,
                is_weak: false,
                start_of_sequence_offset: 0,
            },
            Import {
                name: "___stack_chk_guard",
                dylib: "/usr/lib/libSystem.B.dylib",
                is_lazy: false,
                offset: 20608,
                size: 0,
                address: 24704,
                addend: 0,
                is_weak: false,
                start_of_sequence_offset: 0,
            },
            Import {
                name: "___stderrp",
                dylib: "/usr/lib/libSystem.B.dylib",
                is_lazy: false,
                offset: 20592,
                size: 0,
                address: 24688,
                addend: 0,
                is_weak: false,
                start_of_sequence_offset: 0,
            },
            Import {
                name: "___stdoutp",
                dylib: "/usr/lib/libSystem.B.dylib",
                is_lazy: false,
                offset: 20596,
                size: 0,
                address: 24692,
                addend: 0,
                is_weak: false,
                start_of_sequence_offset: 0,
            },
            Import {
                name: "_optind",
                dylib: "/usr/lib/libSystem.B.dylib",
                is_lazy: false,
                offset: 20540,
                size: 0,
                address: 24636,
                addend: 0,
                is_weak: false,
                start_of_sequence_offset: 0,
            },
            Import {
                name: "dyld_stub_binder",
                dylib: "/usr/lib/libSystem.B.dylib",
                is_lazy: false,
                offset: 20500,
                size: 0,
                address: 24596,
                addend: 0,
                is_weak: false,
                start_of_sequence_offset: 0,
            },
            Import {
                name: "___divdi3",
                dylib: "/usr/lib/libSystem.B.dylib",
                is_lazy: true,
                offset: 20716,
                size: 8,
                address: 24812,
                addend: 0,
                is_weak: false,
                start_of_sequence_offset: 0,
            },
            Import {
                name: "___error",
                dylib: "/usr/lib/libSystem.B.dylib",
                is_lazy: true,
                offset: 20720,
                size: 8,
                address: 24816,
                addend: 0,
                is_weak: false,
                start_of_sequence_offset: 17,
            },
            Import {
                name: "___maskrune",
                dylib: "/usr/lib/libSystem.B.dylib",
                is_lazy: true,
                offset: 20724,
                size: 8,
                address: 24820,
                addend: 0,
                is_weak: false,
                start_of_sequence_offset: 33,
            },
            Import {
                name: "___moddi3",
                dylib: "/usr/lib/libSystem.B.dylib",
                is_lazy: true,
                offset: 20728,
                size: 8,
                address: 24824,
                addend: 0,
                is_weak: false,
                start_of_sequence_offset: 52,
            },
            Import {
                name: "___snprintf_chk",
                dylib: "/usr/lib/libSystem.B.dylib",
                is_lazy: true,
                offset: 20732,
                size: 8,
                address: 24828,
                addend: 0,
                is_weak: false,
                start_of_sequence_offset: 69,
            },
            Import {
                name: "___stack_chk_fail",
                dylib: "/usr/lib/libSystem.B.dylib",
                is_lazy: true,
                offset: 20736,
                size: 8,
                address: 24832,
                addend: 0,
                is_weak: false,
                start_of_sequence_offset: 92,
            },
            Import {
                name: "___tolower",
                dylib: "/usr/lib/libSystem.B.dylib",
                is_lazy: true,
                offset: 20740,
                size: 8,
                address: 24836,
                addend: 0,
                is_weak: false,
                start_of_sequence_offset: 117,
            },
            Import {
                name: "___udivdi3",
                dylib: "/usr/lib/libSystem.B.dylib",
                is_lazy: true,
                offset: 20744,
                size: 8,
                address: 24840,
                addend: 0,
                is_weak: false,
                start_of_sequence_offset: 135,
            },
            Import {
                name: "___umoddi3",
                dylib: "/usr/lib/libSystem.B.dylib",
                is_lazy: true,
                offset: 20748,
                size: 8,
                address: 24844,
                addend: 0,
                is_weak: false,
                start_of_sequence_offset: 153,
            },
            Import {
                name: "_acl_free",
                dylib: "/usr/lib/libSystem.B.dylib",
                is_lazy: true,
                offset: 20752,
                size: 8,
                address: 24848,
                addend: 0,
                is_weak: false,
                start_of_sequence_offset: 171,
            },
            Import {
                name: "_acl_get_entry",
                dylib: "/usr/lib/libSystem.B.dylib",
                is_lazy: true,
                offset: 20756,
                size: 8,
                address: 24852,
                addend: 0,
                is_weak: false,
                start_of_sequence_offset: 188,
            },
            Import {
                name: "_acl_get_flag_np",
                dylib: "/usr/lib/libSystem.B.dylib",
                is_lazy: true,
                offset: 20760,
                size: 8,
                address: 24856,
                addend: 0,
                is_weak: false,
                start_of_sequence_offset: 210,
            },
            Import {
                name: "_acl_get_flagset_np",
                dylib: "/usr/lib/libSystem.B.dylib",
                is_lazy: true,
                offset: 20764,
                size: 8,
                address: 24860,
                addend: 0,
                is_weak: false,
                start_of_sequence_offset: 234,
            },
            Import {
                name: "_acl_get_link_np",
                dylib: "/usr/lib/libSystem.B.dylib",
                is_lazy: true,
                offset: 20768,
                size: 8,
                address: 24864,
                addend: 0,
                is_weak: false,
                start_of_sequence_offset: 261,
            },
            Import {
                name: "_acl_get_perm_np",
                dylib: "/usr/lib/libSystem.B.dylib",
                is_lazy: true,
                offset: 20772,
                size: 8,
                address: 24868,
                addend: 0,
                is_weak: false,
                start_of_sequence_offset: 285,
            },
            Import {
                name: "_acl_get_permset",
                dylib: "/usr/lib/libSystem.B.dylib",
                is_lazy: true,
                offset: 20776,
                size: 8,
                address: 24872,
                addend: 0,
                is_weak: false,
                start_of_sequence_offset: 309,
            },
            Import {
                name: "_acl_get_qualifier",
                dylib: "/usr/lib/libSystem.B.dylib",
                is_lazy: true,
                offset: 20780,
                size: 8,
                address: 24876,
                addend: 0,
                is_weak: false,
                start_of_sequence_offset: 333,
            },
            Import {
                name: "_acl_get_tag_type",
                dylib: "/usr/lib/libSystem.B.dylib",
                is_lazy: true,
                offset: 20784,
                size: 8,
                address: 24880,
                addend: 0,
                is_weak: false,
                start_of_sequence_offset: 359,
            },
            Import {
                name: "_atoi",
                dylib: "/usr/lib/libSystem.B.dylib",
                is_lazy: true,
                offset: 20788,
                size: 8,
                address: 24884,
                addend: 0,
                is_weak: false,
                start_of_sequence_offset: 384,
            },
            Import {
                name: "_compat_mode",
                dylib: "/usr/lib/libSystem.B.dylib",
                is_lazy: true,
                offset: 20792,
                size: 8,
                address: 24888,
                addend: 0,
                is_weak: false,
                start_of_sequence_offset: 397,
            },
            Import {
                name: "_err",
                dylib: "/usr/lib/libSystem.B.dylib",
                is_lazy: true,
                offset: 20796,
                size: 8,
                address: 24892,
                addend: 0,
                is_weak: false,
                start_of_sequence_offset: 417,
            },
            Import {
                name: "_exit",
                dylib: "/usr/lib/libSystem.B.dylib",
                is_lazy: true,
                offset: 20800,
                size: 8,
                address: 24896,
                addend: 0,
                is_weak: false,
                start_of_sequence_offset: 429,
            },
            Import {
                name: "_fflagstostr",
                dylib: "/usr/lib/libSystem.B.dylib",
                is_lazy: true,
                offset: 20804,
                size: 8,
                address: 24900,
                addend: 0,
                is_weak: false,
                start_of_sequence_offset: 442,
            },
            Import {
                name: "_fprintf",
                dylib: "/usr/lib/libSystem.B.dylib",
                is_lazy: true,
                offset: 20808,
                size: 8,
                address: 24904,
                addend: 0,
                is_weak: false,
                start_of_sequence_offset: 462,
            },
            Import {
                name: "_fputs$UNIX2003",
                dylib: "/usr/lib/libSystem.B.dylib",
                is_lazy: true,
                offset: 20812,
                size: 8,
                address: 24908,
                addend: 0,
                is_weak: false,
                start_of_sequence_offset: 478,
            },
            Import {
                name: "_free",
                dylib: "/usr/lib/libSystem.B.dylib",
                is_lazy: true,
                offset: 20816,
                size: 8,
                address: 24912,
                addend: 0,
                is_weak: false,
                start_of_sequence_offset: 501,
            },
            Import {
                name: "_fts_children$INODE64",
                dylib: "/usr/lib/libSystem.B.dylib",
                is_lazy: true,
                offset: 20820,
                size: 8,
                address: 24916,
                addend: 0,
                is_weak: false,
                start_of_sequence_offset: 514,
            },
            Import {
                name: "_fts_close$INODE64",
                dylib: "/usr/lib/libSystem.B.dylib",
                is_lazy: true,
                offset: 20824,
                size: 8,
                address: 24920,
                addend: 0,
                is_weak: false,
                start_of_sequence_offset: 543,
            },
            Import {
                name: "_fts_open$INODE64",
                dylib: "/usr/lib/libSystem.B.dylib",
                is_lazy: true,
                offset: 20828,
                size: 8,
                address: 24924,
                addend: 0,
                is_weak: false,
                start_of_sequence_offset: 569,
            },
            Import {
                name: "_fts_read$INODE64",
                dylib: "/usr/lib/libSystem.B.dylib",
                is_lazy: true,
                offset: 20832,
                size: 8,
                address: 24928,
                addend: 0,
                is_weak: false,
                start_of_sequence_offset: 594,
            },
            Import {
                name: "_fts_set$INODE64",
                dylib: "/usr/lib/libSystem.B.dylib",
                is_lazy: true,
                offset: 20836,
                size: 8,
                address: 24932,
                addend: 0,
                is_weak: false,
                start_of_sequence_offset: 619,
            },
            Import {
                name: "_getbsize",
                dylib: "/usr/lib/libSystem.B.dylib",
                is_lazy: true,
                offset: 20840,
                size: 8,
                address: 24936,
                addend: 0,
                is_weak: false,
                start_of_sequence_offset: 643,
            },
            Import {
                name: "_getenv",
                dylib: "/usr/lib/libSystem.B.dylib",
                is_lazy: true,
                offset: 20844,
                size: 8,
                address: 24940,
                addend: 0,
                is_weak: false,
                start_of_sequence_offset: 660,
            },
            Import {
                name: "_getgrgid",
                dylib: "/usr/lib/libSystem.B.dylib",
                is_lazy: true,
                offset: 20848,
                size: 8,
                address: 24944,
                addend: 0,
                is_weak: false,
                start_of_sequence_offset: 675,
            },
            Import {
                name: "_getopt$UNIX2003",
                dylib: "/usr/lib/libSystem.B.dylib",
                is_lazy: true,
                offset: 20852,
                size: 8,
                address: 24948,
                addend: 0,
                is_weak: false,
                start_of_sequence_offset: 692,
            },
            Import {
                name: "_getpid",
                dylib: "/usr/lib/libSystem.B.dylib",
                is_lazy: true,
                offset: 20856,
                size: 8,
                address: 24952,
                addend: 0,
                is_weak: false,
                start_of_sequence_offset: 716,
            },
            Import {
                name: "_getpwuid",
                dylib: "/usr/lib/libSystem.B.dylib",
                is_lazy: true,
                offset: 20860,
                size: 8,
                address: 24956,
                addend: 0,
                is_weak: false,
                start_of_sequence_offset: 731,
            },
            Import {
                name: "_getuid",
                dylib: "/usr/lib/libSystem.B.dylib",
                is_lazy: true,
                offset: 20864,
                size: 8,
                address: 24960,
                addend: 0,
                is_weak: false,
                start_of_sequence_offset: 748,
            },
            Import {
                name: "_getxattr",
                dylib: "/usr/lib/libSystem.B.dylib",
                is_lazy: true,
                offset: 20868,
                size: 8,
                address: 24964,
                addend: 0,
                is_weak: false,
                start_of_sequence_offset: 763,
            },
            Import {
                name: "_group_from_gid",
                dylib: "/usr/lib/libSystem.B.dylib",
                is_lazy: true,
                offset: 20872,
                size: 8,
                address: 24968,
                addend: 0,
                is_weak: false,
                start_of_sequence_offset: 780,
            },
            Import {
                name: "_humanize_number",
                dylib: "/usr/lib/libutil.dylib",
                is_lazy: true,
                offset: 20876,
                size: 8,
                address: 24972,
                addend: 0,
                is_weak: false,
                start_of_sequence_offset: 803,
            },
            Import {
                name: "_ioctl",
                dylib: "/usr/lib/libSystem.B.dylib",
                is_lazy: true,
                offset: 20880,
                size: 8,
                address: 24976,
                addend: 0,
                is_weak: false,
                start_of_sequence_offset: 827,
            },
            Import {
                name: "_isatty",
                dylib: "/usr/lib/libSystem.B.dylib",
                is_lazy: true,
                offset: 20884,
                size: 8,
                address: 24980,
                addend: 0,
                is_weak: false,
                start_of_sequence_offset: 841,
            },
            Import {
                name: "_kill$UNIX2003",
                dylib: "/usr/lib/libSystem.B.dylib",
                is_lazy: true,
                offset: 20888,
                size: 8,
                address: 24984,
                addend: 0,
                is_weak: false,
                start_of_sequence_offset: 856,
            },
            Import {
                name: "_listxattr",
                dylib: "/usr/lib/libSystem.B.dylib",
                is_lazy: true,
                offset: 20892,
                size: 8,
                address: 24988,
                addend: 0,
                is_weak: false,
                start_of_sequence_offset: 878,
            },
            Import {
                name: "_localtime",
                dylib: "/usr/lib/libSystem.B.dylib",
                is_lazy: true,
                offset: 20896,
                size: 8,
                address: 24992,
                addend: 0,
                is_weak: false,
                start_of_sequence_offset: 896,
            },
            Import {
                name: "_malloc",
                dylib: "/usr/lib/libSystem.B.dylib",
                is_lazy: true,
                offset: 20900,
                size: 8,
                address: 24996,
                addend: 0,
                is_weak: false,
                start_of_sequence_offset: 914,
            },
            Import {
                name: "_mbr_uuid_to_id",
                dylib: "/usr/lib/libSystem.B.dylib",
                is_lazy: true,
                offset: 20904,
                size: 8,
                address: 25000,
                addend: 0,
                is_weak: false,
                start_of_sequence_offset: 929,
            },
            Import {
                name: "_mbr_uuid_to_string",
                dylib: "/usr/lib/libSystem.B.dylib",
                is_lazy: true,
                offset: 20908,
                size: 8,
                address: 25004,
                addend: 0,
                is_weak: false,
                start_of_sequence_offset: 952,
            },
            Import {
                name: "_mbrtowc",
                dylib: "/usr/lib/libSystem.B.dylib",
                is_lazy: true,
                offset: 20912,
                size: 8,
                address: 25008,
                addend: 0,
                is_weak: false,
                start_of_sequence_offset: 979,
            },
            Import {
                name: "_memchr",
                dylib: "/usr/lib/libSystem.B.dylib",
                is_lazy: true,
                offset: 20916,
                size: 8,
                address: 25012,
                addend: 0,
                is_weak: false,
                start_of_sequence_offset: 995,
            },
            Import {
                name: "_nl_langinfo",
                dylib: "/usr/lib/libSystem.B.dylib",
                is_lazy: true,
                offset: 20920,
                size: 8,
                address: 25016,
                addend: 0,
                is_weak: false,
                start_of_sequence_offset: 1010,
            },
            Import {
                name: "_printf",
                dylib: "/usr/lib/libSystem.B.dylib",
                is_lazy: true,
                offset: 20924,
                size: 8,
                address: 25020,
                addend: 0,
                is_weak: false,
                start_of_sequence_offset: 1030,
            },
            Import {
                name: "_putchar",
                dylib: "/usr/lib/libSystem.B.dylib",
                is_lazy: true,
                offset: 20928,
                size: 8,
                address: 25024,
                addend: 0,
                is_weak: false,
                start_of_sequence_offset: 1045,
            },
            Import {
                name: "_readlink",
                dylib: "/usr/lib/libSystem.B.dylib",
                is_lazy: true,
                offset: 20932,
                size: 8,
                address: 25028,
                addend: 0,
                is_weak: false,
                start_of_sequence_offset: 1061,
            },
            Import {
                name: "_realloc",
                dylib: "/usr/lib/libSystem.B.dylib",
                is_lazy: true,
                offset: 20936,
                size: 8,
                address: 25032,
                addend: 0,
                is_weak: false,
                start_of_sequence_offset: 1078,
            },
            Import {
                name: "_setenv$UNIX2003",
                dylib: "/usr/lib/libSystem.B.dylib",
                is_lazy: true,
                offset: 20940,
                size: 8,
                address: 25036,
                addend: 0,
                is_weak: false,
                start_of_sequence_offset: 1094,
            },
            Import {
                name: "_setlocale",
                dylib: "/usr/lib/libSystem.B.dylib",
                is_lazy: true,
                offset: 20944,
                size: 8,
                address: 25040,
                addend: 0,
                is_weak: false,
                start_of_sequence_offset: 1118,
            },
            Import {
                name: "_signal",
                dylib: "/usr/lib/libSystem.B.dylib",
                is_lazy: true,
                offset: 20948,
                size: 8,
                address: 25044,
                addend: 0,
                is_weak: false,
                start_of_sequence_offset: 1136,
            },
            Import {
                name: "_snprintf",
                dylib: "/usr/lib/libSystem.B.dylib",
                is_lazy: true,
                offset: 20952,
                size: 8,
                address: 25048,
                addend: 0,
                is_weak: false,
                start_of_sequence_offset: 1151,
            },
            Import {
                name: "_sscanf",
                dylib: "/usr/lib/libSystem.B.dylib",
                is_lazy: true,
                offset: 20956,
                size: 8,
                address: 25052,
                addend: 0,
                is_weak: false,
                start_of_sequence_offset: 1168,
            },
            Import {
                name: "_strcoll",
                dylib: "/usr/lib/libSystem.B.dylib",
                is_lazy: true,
                offset: 20960,
                size: 8,
                address: 25056,
                addend: 0,
                is_weak: false,
                start_of_sequence_offset: 1183,
            },
            Import {
                name: "_strcpy",
                dylib: "/usr/lib/libSystem.B.dylib",
                is_lazy: true,
                offset: 20964,
                size: 8,
                address: 25060,
                addend: 0,
                is_weak: false,
                start_of_sequence_offset: 1199,
            },
            Import {
                name: "_strdup",
                dylib: "/usr/lib/libSystem.B.dylib",
                is_lazy: true,
                offset: 20968,
                size: 8,
                address: 25064,
                addend: 0,
                is_weak: false,
                start_of_sequence_offset: 1214,
            },
            Import {
                name: "_strerror$UNIX2003",
                dylib: "/usr/lib/libSystem.B.dylib",
                is_lazy: true,
                offset: 20972,
                size: 8,
                address: 25068,
                addend: 0,
                is_weak: false,
                start_of_sequence_offset: 1229,
            },
            Import {
                name: "_strftime$UNIX2003",
                dylib: "/usr/lib/libSystem.B.dylib",
                is_lazy: true,
                offset: 20976,
                size: 8,
                address: 25072,
                addend: 0,
                is_weak: false,
                start_of_sequence_offset: 1255,
            },
            Import {
                name: "_strlen",
                dylib: "/usr/lib/libSystem.B.dylib",
                is_lazy: true,
                offset: 20980,
                size: 8,
                address: 25076,
                addend: 0,
                is_weak: false,
                start_of_sequence_offset: 1281,
            },
            Import {
                name: "_strmode",
                dylib: "/usr/lib/libSystem.B.dylib",
                is_lazy: true,
                offset: 20984,
                size: 8,
                address: 25080,
                addend: 0,
                is_weak: false,
                start_of_sequence_offset: 1296,
            },
            Import {
                name: "_tgetent",
                dylib: "/usr/lib/libncurses.5.4.dylib",
                is_lazy: true,
                offset: 20988,
                size: 8,
                address: 25084,
                addend: 0,
                is_weak: false,
                start_of_sequence_offset: 1312,
            },
            Import {
                name: "_tgetstr",
                dylib: "/usr/lib/libncurses.5.4.dylib",
                is_lazy: true,
                offset: 20992,
                size: 8,
                address: 25088,
                addend: 0,
                is_weak: false,
                start_of_sequence_offset: 1328,
            },
            Import {
                name: "_tgoto",
                dylib: "/usr/lib/libncurses.5.4.dylib",
                is_lazy: true,
                offset: 20996,
                size: 8,
                address: 25092,
                addend: 0,
                is_weak: false,
                start_of_sequence_offset: 1344,
            },
            Import {
                name: "_time",
                dylib: "/usr/lib/libSystem.B.dylib",
                is_lazy: true,
                offset: 21000,
                size: 8,
                address: 25096,
                addend: 0,
                is_weak: false,
                start_of_sequence_offset: 1358,
            },
            Import {
                name: "_tputs",
                dylib: "/usr/lib/libncurses.5.4.dylib",
                is_lazy: true,
                offset: 21004,
                size: 8,
                address: 25100,
                addend: 0,
                is_weak: false,
                start_of_sequence_offset: 1371,
            },
            Import {
                name: "_user_from_uid",
                dylib: "/usr/lib/libSystem.B.dylib",
                is_lazy: true,
                offset: 21008,
                size: 8,
                address: 25104,
                addend: 0,
                is_weak: false,
                start_of_sequence_offset: 1385,
            },
            Import {
                name: "_warn",
                dylib: "/usr/lib/libSystem.B.dylib",
                is_lazy: true,
                offset: 21012,
                size: 8,
                address: 25108,
                addend: 0,
                is_weak: false,
                start_of_sequence_offset: 1407,
            },
            Import {
                name: "_warnx",
                dylib: "/usr/lib/libSystem.B.dylib",
                is_lazy: true,
                offset: 21016,
                size: 8,
                address: 25112,
                addend: 0,
                is_weak: false,
                start_of_sequence_offset: 1420,
            },
            Import {
                name: "_wcwidth",
                dylib: "/usr/lib/libSystem.B.dylib",
                is_lazy: true,
                offset: 21020,
                size: 8,
                address: 25116,
                addend: 0,
                is_weak: false,
                start_of_sequence_offset: 1434,
            },
            Import {
                name: "_write$UNIX2003",
                dylib: "/usr/lib/libSystem.B.dylib",
                is_lazy: true,
                offset: 21024,
                size: 8,
                address: 25120,
                addend: 0,
                is_weak: false,
                start_of_sequence_offset: 1450,
            },
        ],
    ),
}
